17:06:31 **** Incremental Build of configuration Debug for project smarthome-master ****
make all 
Building file: C:/Users/CMD/greenfox/STM32Cube_FW_F7_V1.8.0/Projects/aventurin/smarthome-master/Src/main.c
Invoking: MCU GCC Compiler
C:\Users\CMD\greenfox\STM32Cube_FW_F7_V1.8.0\Projects\aventurin\smarthome-master\SW4STM32\smarthome-master\Debug
arm-none-eabi-gcc -mcpu=cortex-m7 -mthumb -mfloat-abi=hard -mfpu=fpv5-sp-d16 -DUSE_HAL_DRIVER -DSTM32F746xx -DUSE_STM32746G_DISCOVERY -I"C:/Users/CMD/greenfox/STM32Cube_FW_F7_V1.8.0/Projects/aventurin/smarthome-master/Inc" -I"C:/Users/CMD/greenfox/STM32Cube_FW_F7_V1.8.0/Projects/aventurin/smarthome-master/Inc/network" -I"C:/Users/CMD/greenfox/STM32Cube_FW_F7_V1.8.0/Projects/aventurin/smarthome-master/Inc/config" -I"C:/Users/CMD/greenfox/STM32Cube_FW_F7_V1.8.0/Drivers/CMSIS/Device/ST/STM32F7xx/Include" -I"C:/Users/CMD/greenfox/STM32Cube_FW_F7_V1.8.0/Drivers/STM32F7xx_HAL_Driver/Inc" -I"C:/Users/CMD/greenfox/STM32Cube_FW_F7_V1.8.0/Drivers/BSP/STM32746G-Discovery" -I"C:/Users/CMD/greenfox/STM32Cube_FW_F7_V1.8.0/Drivers/BSP/Components/Common" -I"C:/Users/CMD/greenfox/STM32Cube_FW_F7_V1.8.0/Drivers/BSP/Components" -I"C:/Users/CMD/greenfox/STM32Cube_FW_F7_V1.8.0/Utilities" -I"C:/Users/CMD/greenfox/STM32Cube_FW_F7_V1.8.0/Drivers/CMSIS/Include" -I"C:/Users/CMD/greenfox/STM32Cube_FW_F7_V1.8.0/Middlewares/Third_Party/LwIP/src/include" -I"C:/Users/CMD/greenfox/STM32Cube_FW_F7_V1.8.0/Middlewares/Third_Party/LwIP/system" -I"C:/Users/CMD/greenfox/STM32Cube_FW_F7_V1.8.0/Middlewares/Third_Party/FreeRTOS/Source/portable/GCC/ARM_CM7/r0p1" -I"C:/Users/CMD/greenfox/STM32Cube_FW_F7_V1.8.0/Middlewares/Third_Party/FreeRTOS/Source" -I"C:/Users/CMD/greenfox/STM32Cube_FW_F7_V1.8.0/Middlewares/Third_Party/FreeRTOS/Source/CMSIS_RTOS" -I"C:/Users/CMD/greenfox/STM32Cube_FW_F7_V1.8.0/Middlewares/Third_Party/FreeRTOS/Source/include" -I"C:/Users/CMD/greenfox/STM32Cube_FW_F7_V1.8.0/Middlewares/Third_Party/wolfmqtt-0.14.0" -I"C:/Users/CMD/greenfox/STM32Cube_FW_F7_V1.8.0/Middlewares/Third_Party/wolfssl-3.13.0" -I"C:/Users/CMD/greenfox/STM32Cube_FW_F7_V1.8.0/Middlewares/Third_Party/SmarthomeCommon/RTCUtils/Inc" -I"C:/Users/CMD/greenfox/STM32Cube_FW_F7_V1.8.0/Middlewares/Third_Party/SmarthomeCommon/NTP/Inc" -I"C:/Users/CMD/greenfox/STM32Cube_FW_F7_V1.8.0/Middlewares/Third_Party/SmarthomeCommon/NetSecure/Inc" -I"C:/Users/CMD/greenfox/STM32Cube_FW_F7_V1.8.0/Middlewares/Third_Party/SmarthomeCommon/NetSecure/implementations/F7/Inc" -I"C:/Users/CMD/greenfox/STM32Cube_FW_F7_V1.8.0/Middlewares/Third_Party/SmarthomeCommon/MQTT/Inc" -I"C:/Users/CMD/greenfox/STM32Cube_FW_F7_V1.8.0/Middlewares/Third_Party/SmarthomeCommon/GoogleIOT/Inc" -I"C:/Users/CMD/greenfox/STM32Cube_FW_F7_V1.8.0/Middlewares/Third_Party/SmarthomeCommon/LOG/Inc"  -Os -g3 -Wall -fmessage-length=0 -ffunction-sections -c -fmessage-length=0 -MMD -MP -MF"Application/User/main.d" -MT"Application/User/main.o" -o "Application/User/main.o" "C:/Users/CMD/greenfox/STM32Cube_FW_F7_V1.8.0/Projects/aventurin/smarthome-master/Src/main.c"
C:/Users/CMD/greenfox/STM32Cube_FW_F7_V1.8.0/Projects/aventurin/smarthome-master/Src/main.c: In function 'RestApiTest':
C:/Users/CMD/greenfox/STM32Cube_FW_F7_V1.8.0/Projects/aventurin/smarthome-master/Src/main.c:213:44: warning: passing argument 2 of 'net_TLSReceive' from incompatible pointer type [-Wincompatible-pointer-types]
  rc = net_TLSReceive(&netTransportContext, responseBuffer, 511,
                                            ^~~~~~~~~~~~~~
In file included from C:/Users/CMD/greenfox/STM32Cube_FW_F7_V1.8.0/Projects/aventurin/smarthome-master/Src/main.c:63:0:
C:/Users/CMD/greenfox/STM32Cube_FW_F7_V1.8.0/Middlewares/Third_Party/SmarthomeCommon/NetSecure/Inc/net_secure.h:135:5: note: expected 'char *' but argument is of type 'char **'
 int net_TLSReceive(NetTransportContext *netTransportContext, char* buffer, const uint32_t bufferSz, uint32_t timeoutMs);
     ^~~~~~~~~~~~~~
Finished building: C:/Users/CMD/greenfox/STM32Cube_FW_F7_V1.8.0/Projects/aventurin/smarthome-master/Src/main.c
 
Building target: smarthome-master.elf
Invoking: MCU GCC Linker
arm-none-eabi-gcc -mcpu=cortex-m7 -mthumb -mfloat-abi=hard -mfpu=fpv5-sp-d16 -specs=nosys.specs -specs=nano.specs -T"../STM32F746NGHx_FLASH.ld" -Wl,-Map=output.map -Wl,--gc-sections -o "smarthome-master.elf" @"objects.list"   -lm
Finished building target: smarthome-master.elf
 
make --no-print-directory post-build
Generating binary and Printing size information:
arm-none-eabi-objcopy -O binary "smarthome-master.elf" "smarthome-master.bin"
arm-none-eabi-size "smarthome-master.elf"
   text	   data	    bss	    dec	    hex	filename
 182344	  13008	 235712	 431064	  693d8	smarthome-master.elf
 
17:06:52 **** Incremental Build of configuration Debug for project smarthome-master ****
make all 
make: Nothing to be done for 'all'.
