11:37:04 **** Incremental Build of configuration Debug for project STM32746G_DISCOVERY ****
make all 
Building file: C:/Users/CMD/greenfox/CodeMasterDog/STM32Cube_FW_F7_V1.8.0/Projects/STM32746G-Discovery/Applications/LwIP/LwIP_HTTP_Server_Netconn_RTOS/Src/app_ethernet.c
Invoking: MCU GCC Compiler
C:\Users\CMD\greenfox\CodeMasterDog\STM32Cube_FW_F7_V1.8.0\Projects\STM32746G-Discovery\Applications\LwIP\LwIP_HTTP_Server_Netconn_RTOS\SW4STM32\STM32746G_DISCOVERY\Debug
arm-none-eabi-gcc -mcpu=cortex-m7 -mthumb -mfloat-abi=hard -mfpu=fpv5-sp-d16 -DUSE_HAL_DRIVER -DSTM32F746xx -DUSE_STM32746G_DISCOVERY -I"C:/Users/CMD/greenfox/CodeMasterDog/STM32Cube_FW_F7_V1.8.0/Projects/STM32746G-Discovery/Applications/LwIP/LwIP_HTTP_Server_Netconn_RTOS/Inc" -I/Users/Oz/greenfox/ozthegnp/en.stm32cubef7/STM32Cube_FW_F7_V1.8.0/Middlewares/Third_Party/wolfssl-3.13.0 -I"C:/Users/CMD/greenfox/CodeMasterDog/STM32Cube_FW_F7_V1.8.0/Projects/STM32746G-Discovery/Applications/LwIP/LwIP_HTTP_Server_Netconn_RTOS/Src" -I"C:/Users/CMD/greenfox/CodeMasterDog/STM32Cube_FW_F7_V1.8.0/Drivers/CMSIS/Device/ST/STM32F7xx/Include" -I"C:/Users/CMD/greenfox/CodeMasterDog/STM32Cube_FW_F7_V1.8.0/Drivers/STM32F7xx_HAL_Driver/Inc" -I"C:/Users/CMD/greenfox/CodeMasterDog/STM32Cube_FW_F7_V1.8.0/Drivers/BSP/STM32746G-Discovery" -I"C:/Users/CMD/greenfox/CodeMasterDog/STM32Cube_FW_F7_V1.8.0/Drivers/BSP/Components/Common" -I"C:/Users/CMD/greenfox/CodeMasterDog/STM32Cube_FW_F7_V1.8.0/Drivers/BSP/Components" -I"C:/Users/CMD/greenfox/CodeMasterDog/STM32Cube_FW_F7_V1.8.0/Middlewares/Third_Party/LwIP/src/include" -I"C:/Users/CMD/greenfox/CodeMasterDog/STM32Cube_FW_F7_V1.8.0/Middlewares/Third_Party/LwIP/system" -I"C:/Users/CMD/greenfox/CodeMasterDog/STM32Cube_FW_F7_V1.8.0/Middlewares/Third_Party/FreeRTOS/Source/portable/GCC/ARM_CM7/r0p1" -I"C:/Users/CMD/greenfox/CodeMasterDog/STM32Cube_FW_F7_V1.8.0/Middlewares/Third_Party/FreeRTOS/Source" -I"C:/Users/CMD/greenfox/CodeMasterDog/STM32Cube_FW_F7_V1.8.0/Middlewares/Third_Party/FreeRTOS/Source/CMSIS_RTOS" -I"C:/Users/CMD/greenfox/CodeMasterDog/STM32Cube_FW_F7_V1.8.0/Middlewares/Third_Party/FreeRTOS/Source/include" -I"C:/Users/CMD/greenfox/CodeMasterDog/STM32Cube_FW_F7_V1.8.0/Utilities" -I"C:/Users/CMD/greenfox/CodeMasterDog/STM32Cube_FW_F7_V1.8.0/Utilities/Log" -I"C:/Users/CMD/greenfox/CodeMasterDog/STM32Cube_FW_F7_V1.8.0/Drivers/CMSIS/Include"  -Os -g3 -Wall -fmessage-length=0 -ffunction-sections -c -fmessage-length=0 -MMD -MP -MF"Application/User/app_ethernet.d" -MT"Application/User/app_ethernet.o" -o "Application/User/app_ethernet.o" "C:/Users/CMD/greenfox/CodeMasterDog/STM32Cube_FW_F7_V1.8.0/Projects/STM32746G-Discovery/Applications/LwIP/LwIP_HTTP_Server_Netconn_RTOS/Src/app_ethernet.c"
C:/Users/CMD/greenfox/CodeMasterDog/STM32Cube_FW_F7_V1.8.0/Projects/STM32746G-Discovery/Applications/LwIP/LwIP_HTTP_Server_Netconn_RTOS/Src/app_ethernet.c: In function 'ssdp_netconn_thread':
C:/Users/CMD/greenfox/CodeMasterDog/STM32Cube_FW_F7_V1.8.0/Projects/STM32746G-Discovery/Applications/LwIP/LwIP_HTTP_Server_Netconn_RTOS/Src/app_ethernet.c:147:18: warning: unused variable 'newconn' [-Wunused-variable]
  struct netconn *newconn;
                  ^~~~~~~
Finished building: C:/Users/CMD/greenfox/CodeMasterDog/STM32Cube_FW_F7_V1.8.0/Projects/STM32746G-Discovery/Applications/LwIP/LwIP_HTTP_Server_Netconn_RTOS/Src/app_ethernet.c
 
Building target: STM32746G_DISCOVERY.elf
Invoking: MCU GCC Linker
arm-none-eabi-gcc -mcpu=cortex-m7 -mthumb -mfloat-abi=hard -mfpu=fpv5-sp-d16 -specs=nosys.specs -specs=nano.specs -T"../STM32F746NGHx_FLASH.ld" -Wl,-Map=output.map -Wl,--gc-sections -o "STM32746G_DISCOVERY.elf" @"objects.list"   -lm
Finished building target: STM32746G_DISCOVERY.elf
 
make --no-print-directory post-build
Generating binary and Printing size information:
arm-none-eabi-objcopy -O binary "STM32746G_DISCOVERY.elf" "STM32746G_DISCOVERY.bin"
arm-none-eabi-size "STM32746G_DISCOVERY.elf"
   text	   data	    bss	    dec	    hex	filename
  67496	  12620	  70524	 150640	  24c70	STM32746G_DISCOVERY.elf
 

11:37:14 Build Finished (took 10s.137ms)

