17:34:30 **** Incremental Build of configuration Debug for project STM32746G_Discovery_timer_pwm_practice ****
make -j4 all 
Building file: C:/Users/CMD/greenfox/CodeMasterDog/STM32Cube_FW_F7_V1.8.0/Projects/STM32746G-Discovery/GreenFox/timer_pwm_practice/Src/main.c
Invoking: MCU GCC Compiler
C:\Users\CMD\greenfox\CodeMasterDog\STM32Cube_FW_F7_V1.8.0\Projects\STM32746G-Discovery\GreenFox\timer_pwm_practice\SW4STM32\STM32746G_Discovery_timer_pwm_practice\Debug
arm-none-eabi-gcc -mcpu=cortex-m7 -mthumb -mfloat-abi=hard -mfpu=fpv5-sp-d16 -DUSE_HAL_DRIVER -DSTM32F746xx -I"C:/Users/CMD/greenfox/CodeMasterDog/STM32Cube_FW_F7_V1.8.0/Projects/STM32746G-Discovery/GreenFox/timer_pwm_practice/Inc" -I"C:/Users/CMD/greenfox/CodeMasterDog/STM32Cube_FW_F7_V1.8.0/Drivers/CMSIS/Device/ST/STM32F7xx/Include" -I"C:/Users/CMD/greenfox/CodeMasterDog/STM32Cube_FW_F7_V1.8.0/Drivers/STM32F7xx_HAL_Driver/Inc" -I"C:/Users/CMD/greenfox/CodeMasterDog/STM32Cube_FW_F7_V1.8.0/Drivers/BSP/STM32746G-Discovery" -I"C:/Users/CMD/greenfox/CodeMasterDog/STM32Cube_FW_F7_V1.8.0/Drivers/BSP/Components/Common" -I"C:/Users/CMD/greenfox/CodeMasterDog/STM32Cube_FW_F7_V1.8.0/Drivers/BSP/Components/ft5336" -I"C:/Users/CMD/greenfox/CodeMasterDog/STM32Cube_FW_F7_V1.8.0/Drivers/BSP/Components/ov9655" -I"C:/Users/CMD/greenfox/CodeMasterDog/STM32Cube_FW_F7_V1.8.0/Drivers/BSP/Components/rk043fn48h" -I"C:/Users/CMD/greenfox/CodeMasterDog/STM32Cube_FW_F7_V1.8.0/Drivers/BSP/Components/n25q128a" -I"C:/Users/CMD/greenfox/CodeMasterDog/STM32Cube_FW_F7_V1.8.0/Drivers/BSP/Components/wm8994" -I"C:/Users/CMD/greenfox/CodeMasterDog/STM32Cube_FW_F7_V1.8.0/Utilities/Log" -I"C:/Users/CMD/greenfox/CodeMasterDog/STM32Cube_FW_F7_V1.8.0/Utilities/Fonts" -I"C:/Users/CMD/greenfox/CodeMasterDog/STM32Cube_FW_F7_V1.8.0/Utilities/CPU" -I"C:/Users/CMD/greenfox/CodeMasterDog/STM32Cube_FW_F7_V1.8.0/Drivers/CMSIS/Include"  -Os -g3 -Wall -fmessage-length=0 -Wno-strict-aliasing -ffunction-sections -c -fmessage-length=0 -MMD -MP -MF"Example/User/main.d" -MT"Example/User/main.o" -o "Example/User/main.o" "C:/Users/CMD/greenfox/CodeMasterDog/STM32Cube_FW_F7_V1.8.0/Projects/STM32746G-Discovery/GreenFox/timer_pwm_practice/Src/main.c"
C:/Users/CMD/greenfox/CodeMasterDog/STM32Cube_FW_F7_V1.8.0/Projects/STM32746G-Discovery/GreenFox/timer_pwm_practice/Src/main.c: In function 'main':
C:/Users/CMD/greenfox/CodeMasterDog/STM32Cube_FW_F7_V1.8.0/Projects/STM32746G-Discovery/GreenFox/timer_pwm_practice/Src/main.c:190:12: warning: format '%d' expects argument of type 'int', but argument 2 has type 'uint32_t {aka volatile long unsigned int}' [-Wformat=]
   printf("%d\r\n", TIM2->CCR1 );
            ^
C:/Users/CMD/greenfox/CodeMasterDog/STM32Cube_FW_F7_V1.8.0/Projects/STM32746G-Discovery/GreenFox/timer_pwm_practice/Src/main.c:207:3: warning: this 'if' clause does not guard... [-Wmisleading-indentation]
   if (HAL_GPIO_ReadPin(GPIOC, GPIO_PIN_6) == 0)
   ^~
C:/Users/CMD/greenfox/CodeMasterDog/STM32Cube_FW_F7_V1.8.0/Projects/STM32746G-Discovery/GreenFox/timer_pwm_practice/Src/main.c:209:4: note: ...this statement, but the latter is misleadingly indented as if it is guarded by the 'if'
    speed = 0;
    ^~~~~
C:/Users/CMD/greenfox/CodeMasterDog/STM32Cube_FW_F7_V1.8.0/Projects/STM32746G-Discovery/GreenFox/timer_pwm_practice/Src/main.c:188:6: warning: unused variable 'dirUp' [-Wunused-variable]
  int dirUp = 1;
      ^~~~~
Finished building: C:/Users/CMD/greenfox/CodeMasterDog/STM32Cube_FW_F7_V1.8.0/Projects/STM32746G-Discovery/GreenFox/timer_pwm_practice/Src/main.c
 
Building target: STM32746G_Discovery_timer_pwm_practice.elf
Invoking: MCU GCC Linker
arm-none-eabi-gcc -mcpu=cortex-m7 -mthumb -mfloat-abi=hard -mfpu=fpv5-sp-d16 -specs=nosys.specs -specs=nano.specs -T"../STM32F746NGHx_FLASH.ld" -Wl,-Map=output.map -Wl,--gc-sections -o "STM32746G_Discovery_timer_pwm_practice.elf" @"objects.list"   -lm
Finished building target: STM32746G_Discovery_timer_pwm_practice.elf
 
make --no-print-directory post-build
Generating binary and Printing size information:
arm-none-eabi-objcopy -O binary "STM32746G_Discovery_timer_pwm_practice.elf" "STM32746G_Discovery_timer_pwm_practice.bin"
arm-none-eabi-size "STM32746G_Discovery_timer_pwm_practice.elf"
   text	   data	    bss	    dec	    hex	filename
  11424	    136	   1880	  13440	   3480	STM32746G_Discovery_timer_pwm_practice.elf
 

17:34:41 Build Finished (took 10s.949ms)

